{"allocation_class": "0x41", "status": "0x0"}
{"allocation_class": "0x80", "status": "0x0"}
{"allocation_class": "0x2080", "status": "0x0"}
{"query": "power_source", "command": "0x2080205a", "status": "0x0", "value": 0}
{"query": "auxiliary_power_state", "command": "0x20800a81", "status": "0x56", "value": 4294967295}
{"time": 1608.86606141, "sample": "10.00, 6.64, 210, 0, 39"}
{"set_aux": 4, "status": "0x0"}
{"time": 1608.903891805, "sample": "10.00, 6.64, 210, 0, 39"}
{"set_aux": 0, "status": "0x0"}
{"time": 1608.942314016, "sample": "60.00, 6.64, 210, 0, 39"}
{"time": 1610.969083375, "sample": "60.00, 60.17, 2325, 100, 52"}
{"time": 1613.009750437, "sample": "60.00, 25.28, 2505, 0, 43"}
{"time": 1615.039345573, "sample": "60.00, 60.11, 2310, 100, 53"}
{"time": 1617.073348359, "sample": "60.00, 24.74, 2430, 0, 45"}
{"time": 1619.100555075, "sample": "60.00, 60.11, 2310, 100, 55"}
{"time": 1621.140447382, "sample": "60.00, 21.48, 2505, 0, 46"}
{"time": 1623.167030093, "sample": "60.00, 60.24, 2295, 100, 56"}
{"time": 1625.202042986, "sample": "60.00, 24.76, 2505, 0, 48"}
{"time": 1627.228301238, "sample": "60.00, 60.12, 2295, 100, 58"}
{"time": 1629.261813033, "sample": "60.00, 26.69, 2505, 0, 49"}
{"time": 1631.289850675, "sample": "60.00, 60.19, 2295, 100, 59"}
{"time": 1633.327136021, "sample": "60.00, 25.30, 2490, 0, 50"}
{"time": 1635.357490406, "sample": "60.00, 60.07, 2265, 100, 60"}
{"time": 1637.399925741, "sample": "60.00, 23.14, 2490, 0, 51"}
{"time": 1639.426832347, "sample": "60.00, 60.17, 2295, 100, 61"}
{"time": 1641.470117879, "sample": "60.00, 27.65, 2490, 0, 53"}
{"set_aux": 4, "status": "0x0"}
{"time": 1641.513138623, "sample": "10.00, 27.65, 2490, 0, 53"}
{"free_client_status": "0x0"}
